#-----------------------------------------------------------
# Vivado v2018.2 (64-bit)
# SW Build 2258646 on Thu Jun 14 20:03:12 MDT 2018
# IP Build 2256618 on Thu Jun 14 22:10:49 MDT 2018
# Start of session at: Fri Jul 31 21:24:36 2020
# Process ID: 10004
# Current directory: C:/Users/Qzzzz/Desktop/shiliyi/shiliyi
# Command line: vivado.exe -gui_launcher_event rodinguilauncherevent14256 C:\Users\Qzzzz\Desktop\shiliyi\shiliyi\HDMI_Demo.xpr
# Log file: C:/Users/Qzzzz/Desktop/shiliyi/shiliyi/vivado.log
# Journal file: C:/Users/Qzzzz/Desktop/shiliyi/shiliyi\vivado.jou
#-----------------------------------------------------------
start_gui
open_project C:/Users/Qzzzz/Desktop/shiliyi/shiliyi/HDMI_Demo.xpr
update_compile_order -fileset sources_1
create_run impl_4 -parent_run synth_3 -flow {Vivado Implementation 2018} -strategy {Vivado Implementation Defaults} -report_strategy {Vivado Implementation Default Reports}
current_run [get_runs impl_4]
set_property part xc7s15ftgb196-1 [current_project]
update_ip_catalog
reset_run dan_rom_synth_1
reset_run yan_rom_synth_1
reset_run wan_rom_synth_1
reset_run cheng_rom_synth_1
reset_run ku_rom_synth_1
reset_run xiao_rom_synth_1
reset_run rgb2dvi_0_synth_1
reset_run r41_synth_1
reset_run zuo_rom_synth_1
reset_run you_rom_synth_1
reset_run wei_rom_synth_1
reset_run r40_synth_1
reset_run l40_synth_1
reset_run r42_synth_1
reset_run r43_synth_1
reset_run l43_synth_1
reset_run l44_synth_1
reset_run r44_synth_1
reset_run l45_synth_1
reset_run l46_synth_1
reset_run r46_synth_1
reset_run r47_synth_1
reset_run l47_synth_1
reset_run r48_synth_1
reset_run l48_synth_1
reset_run r49_synth_1
reset_run l49_synth_1
reset_run r50_synth_1
reset_run l50_synth_1
reset_run r51_synth_1
reset_run l52_synth_1
reset_run l53_synth_1
reset_run r53_synth_1
reset_run si_rom_synth_1
reset_run kai_rom_synth_1
reset_run clk_wiz_0_synth_1
reset_run synth_3
launch_runs synth_3 -jobs 2
wait_on_run synth_3
launch_runs impl_4 -jobs 2
wait_on_run impl_4
reset_run synth_3
launch_runs impl_4 -to_step write_bitstream -jobs 2
wait_on_run impl_4
reset_run synth_3
launch_runs synth_3 -jobs 2
wait_on_run synth_3
launch_runs impl_4 -jobs 2
wait_on_run impl_4
reset_run synth_3
launch_runs impl_4 -to_step write_bitstream -jobs 2
wait_on_run impl_4
